Warning: Parse errors detected
=== Myco Comprehensive Test Suite ===
Testing EVERY feature and edge case in Myco

=== 1. BASIC DATA TYPES ===
1.1. Numbers...
✓ Integer variable: Null
✓ Float variable: Null
✓ Negative integer: Null
✓ Negative float: Null
✓ Zero: Null

1.2. Strings...
✓ String variable: Myco
✓ Empty string: ''
✓ String with spaces: hello world

1.3. Booleans...
✓ Boolean True: Null
✓ Boolean False: Null

1.4. Null...
✓ Null variable: Null

=== 2. ARITHMETIC OPERATIONS ===
2.1. Addition...
✓ Integer addition (5 + 3): Null
✓ Float addition (2.5 + 1.5): Null
✓ Mixed addition (5 + 2.5): Null
✓ String concatenation: helloworld

2.2. Subtraction...
✓ Integer subtraction (10 - 4): Null
✓ Float subtraction (5.5 - 2.5): Null
✓ Negative result (3 - 5): Null

2.3. Multiplication...
✓ Integer multiplication (6 * 7): Null
✓ Float multiplication (2.5 * 4): Null
✓ Zero multiplication (5 * 0): Null

2.4. Division...
✓ Integer division (15 / 3): Null
✓ Float division (10.0 / 2.5): Null
✓ Division with remainder (7 / 2): Null

=== 3. COMPARISON OPERATIONS ===
3.1. Equality...
✓ Integer equality (5 == 5): Null
✓ Integer inequality (5 == 6): Null
✓ Float equality (3.14 == 3.14): Null
✓ String equality ('hello' == 'hello'): Null
✓ Boolean equality (True == True): Null

3.2. Inequality...
✓ Integer inequality (4 != 6): Null
✓ String inequality ('hello' != 'world'): Null

3.3. Greater than...
✓ Greater than (10 > 5): Null
✓ Not greater than (5 > 10): Null

3.4. Less than...
✓ Less than (3 < 7): Null
✓ Not less than (7 < 3): Null

3.5. Greater than or equal...
✓ Greater than or equal (10 >= 5): Null
✓ Equal values (5 >= 5): Null

3.6. Less than or equal...
✓ Less than or equal (3 <= 7): Null
✓ Equal values (5 <= 5): Null

=== 4. LOGICAL OPERATIONS ===
4.1. Logical AND...
✓ Logical AND (True and True): Null
✓ Logical AND false (True and False): Null

4.2. Logical OR...
✓ Logical OR (False or True): Null
✓ Logical OR false (False or False): Null

4.3. Logical NOT...
✓ Logical NOT (not False): Null
✓ Logical NOT false (not True): Null

4.4. Complex logical expressions...
✓ Complex logical ((True and False) or True): Null
✓ Nested NOT (not (True and False)): Null

5. Arrays...
✓ Simple array: Null
✓ Nested array: Null
✓ Mixed type array: Null
✓ Empty array: Null

6. String Operations...
✓ String concatenation: Hello World
✓ Number to string: Null
✓ Boolean to string: Null

=== 7. STRING OPERATIONS ===
7.1. String concatenation...
✓ String concatenation: Hello World
✗ Number to string: Null
✗ Boolean to string: Null

7.2. Escape sequences...
✓ Escape sequences work
✓ Quoted string: He said "Hello"
✓ Backslash string: Path: C:\Users\Name

8. Control Flow...
✓ If statement works
✓ Else statement works
✓ Else-if statement works

9. Built-in Libraries...
✓ Math library imported
✓ String type available
✓ Array type available
✓ File library imported
[35m[CRITICAL] E9008 [35mCannot access member of null[0m in pass.myco:720:4
  [35mHint:[0m Report as bug
